FF.                                                                      [100%]
=================================== FAILURES ===================================
________________ test_positive_head_count_produces_attention[3] ________________

heads = 3

    @pytest.mark.parametrize('heads',[3,5])
    def test_positive_head_count_produces_attention(heads):
>       a=transformer_denoise([[[.01,.95,.95,.95],[.1,.95,.95,.95]]],heads=heads)

../sugarcode-liquid-heads-work/verification/selfaudit_20261001/liquid_heads/test_regression.py:5: 
_ _ _ _ _ _ _ _ _ _ _ _ _ _ _ _ _ _ _ _ _ _ _ _ _ _ _ _ _ _ _ _ _ _ _ _ _ _ _ _ 

fragment_features = [[[0.01, 0.95, 0.95, 0.95], [0.1, 0.95, 0.95, 0.95]]]
heads = 3, seed = 17, error_prior = 0.001

    def transformer_denoise(fragment_features, *, heads: int = 4, seed: int = 17,
                            error_prior: float = 1e-3) -> dict:
        """Contextual somatic-call denoising with a transformer-encoder computation.
    
        ``fragment_features`` is ``[fragments, positions, channels]``; channels are
        allele support, base quality (0..1), mapping quality (0..1), strand balance
        (0..1), and optional assay covariates. Multi-head scaled dot-product self
        attention, residual layer normalisation and a GELU feed-forward block are
        evaluated directly in NumPy.
    
        IMPORTANT: every projection/attention/feed-forward weight is drawn from a
        seeded random generator AT INFERENCE TIME. This is an UNTRAINED,
        random-weight architecture - the attention mathematics is real, but no
        weight carries learned signal. The fixed seed makes output hermetic and
        reproducible; it does not make it trained or calibrated. Do not describe
        this function as a trained transformer.
        """
        x = np.asarray(fragment_features, dtype=float)
        if x.ndim == 2:
            x = x[None, ...]
        if x.ndim != 3 or x.shape[1] < 2 or x.shape[2] < 1:
            raise ValueError("fragment_features must be [fragments, positions, channels]")
        if heads < 1:
            raise ValueError("heads must be positive")
        n, length, channels = x.shape
        d_model = max(8, int(np.ceil(channels / heads)) * heads)
        rng = np.random.default_rng(seed)
        proj = rng.normal(0, 1 / np.sqrt(channels), (channels, d_model))
        h = x @ proj
        pos = np.arange(length)[:, None]
        scale = np.exp(np.arange(0, d_model, 2) * (-np.log(10000.0) / d_model))
        pe = np.zeros((length, d_model)); pe[:, 0::2] = np.sin(pos * scale)
        pe[:, 1::2] = np.cos(pos * scale[:pe[:, 1::2].shape[1]])
        h += pe
        head_dim = d_model // heads
        attentions = []
        pieces = []
        for _ in range(heads):
            wq, wk, wv = (rng.normal(0, 1 / np.sqrt(d_model), (d_model, head_dim))
                          for __ in range(3))
            q, k, v = h @ wq, h @ wk, h @ wv
            a = _softmax(q @ np.swapaxes(k, -1, -2) / np.sqrt(head_dim), axis=-1)
            attentions.append(a); pieces.append(a @ v)
        attended = np.concatenate(pieces, axis=-1)
        wo = rng.normal(0, 1 / np.sqrt(d_model), (d_model, d_model))
>       h1 = h + attended @ wo
E       ValueError: matmul: Input operand 1 has a mismatch in its core dimension 0, with gufunc signature (n?,k),(k,m?)->(n?,m?) (size 8 is different from 6)

src/sugarcode/modules/liquid_biopsy/core.py:178: ValueError
________________ test_positive_head_count_produces_attention[5] ________________

heads = 5

    @pytest.mark.parametrize('heads',[3,5])
    def test_positive_head_count_produces_attention(heads):
>       a=transformer_denoise([[[.01,.95,.95,.95],[.1,.95,.95,.95]]],heads=heads)

../sugarcode-liquid-heads-work/verification/selfaudit_20261001/liquid_heads/test_regression.py:5: 
_ _ _ _ _ _ _ _ _ _ _ _ _ _ _ _ _ _ _ _ _ _ _ _ _ _ _ _ _ _ _ _ _ _ _ _ _ _ _ _ 

fragment_features = [[[0.01, 0.95, 0.95, 0.95], [0.1, 0.95, 0.95, 0.95]]]
heads = 5, seed = 17, error_prior = 0.001

    def transformer_denoise(fragment_features, *, heads: int = 4, seed: int = 17,
                            error_prior: float = 1e-3) -> dict:
        """Contextual somatic-call denoising with a transformer-encoder computation.
    
        ``fragment_features`` is ``[fragments, positions, channels]``; channels are
        allele support, base quality (0..1), mapping quality (0..1), strand balance
        (0..1), and optional assay covariates. Multi-head scaled dot-product self
        attention, residual layer normalisation and a GELU feed-forward block are
        evaluated directly in NumPy.
    
        IMPORTANT: every projection/attention/feed-forward weight is drawn from a
        seeded random generator AT INFERENCE TIME. This is an UNTRAINED,
        random-weight architecture - the attention mathematics is real, but no
        weight carries learned signal. The fixed seed makes output hermetic and
        reproducible; it does not make it trained or calibrated. Do not describe
        this function as a trained transformer.
        """
        x = np.asarray(fragment_features, dtype=float)
        if x.ndim == 2:
            x = x[None, ...]
        if x.ndim != 3 or x.shape[1] < 2 or x.shape[2] < 1:
            raise ValueError("fragment_features must be [fragments, positions, channels]")
        if heads < 1:
            raise ValueError("heads must be positive")
        n, length, channels = x.shape
        d_model = max(8, int(np.ceil(channels / heads)) * heads)
        rng = np.random.default_rng(seed)
        proj = rng.normal(0, 1 / np.sqrt(channels), (channels, d_model))
        h = x @ proj
        pos = np.arange(length)[:, None]
        scale = np.exp(np.arange(0, d_model, 2) * (-np.log(10000.0) / d_model))
        pe = np.zeros((length, d_model)); pe[:, 0::2] = np.sin(pos * scale)
        pe[:, 1::2] = np.cos(pos * scale[:pe[:, 1::2].shape[1]])
        h += pe
        head_dim = d_model // heads
        attentions = []
        pieces = []
        for _ in range(heads):
            wq, wk, wv = (rng.normal(0, 1 / np.sqrt(d_model), (d_model, head_dim))
                          for __ in range(3))
            q, k, v = h @ wq, h @ wk, h @ wv
            a = _softmax(q @ np.swapaxes(k, -1, -2) / np.sqrt(head_dim), axis=-1)
            attentions.append(a); pieces.append(a @ v)
        attended = np.concatenate(pieces, axis=-1)
        wo = rng.normal(0, 1 / np.sqrt(d_model), (d_model, d_model))
>       h1 = h + attended @ wo
E       ValueError: matmul: Input operand 1 has a mismatch in its core dimension 0, with gufunc signature (n?,k),(k,m?)->(n?,m?) (size 8 is different from 5)

src/sugarcode/modules/liquid_biopsy/core.py:178: ValueError
=========================== short test summary info ============================
FAILED ../sugarcode-liquid-heads-work/verification/selfaudit_20261001/liquid_heads/test_regression.py::test_positive_head_count_produces_attention[3]
FAILED ../sugarcode-liquid-heads-work/verification/selfaudit_20261001/liquid_heads/test_regression.py::test_positive_head_count_produces_attention[5]
2 failed, 1 passed in 0.12s
