F                                                                        [100%]
=================================== FAILURES ===================================
________________ test_generated_sdk_route_exists_in_shipped_app ________________

    def test_generated_sdk_route_exists_in_shipped_app():
        client = TestClient(app)
        assert client.get('/modules/crispr_opt').status_code == 200
        sdk = generate_sdk_client('crispr_opt', 'design_guides')
>       assert client.post(sdk['path'], json={'sequence': 'ATGC'}).status_code != 404
E       AssertionError: assert 404 != 404
E        +  where 404 = <Response [404 Not Found]>.status_code
E        +    where <Response [404 Not Found]> = post('/v1/modules/crispr_opt/design_guides', json={'sequence': 'ATGC'})
E        +      where post = <starlette.testclient.TestClient object at 0x7f19a3275060>.post

/tmp/sugarcode-sdk-work/verification/selfaudit_20261001/sdk_contract/test_sdk_contract.py:14: AssertionError
=============================== warnings summary ===============================
../../tmp/sugarcode-venv/lib/python3.10/site-packages/fastapi/testclient.py:1
  /tmp/sugarcode-venv/lib/python3.10/site-packages/fastapi/testclient.py:1: StarletteDeprecationWarning: Using `httpx` with `starlette.testclient` is deprecated; install `httpx2` instead.
    from starlette.testclient import TestClient as TestClient  # noqa

-- Docs: https://docs.pytest.org/en/stable/how-to/capture-warnings.html
=========================== short test summary info ============================
FAILED ../../tmp/sugarcode-sdk-work/verification/selfaudit_20261001/sdk_contract/test_sdk_contract.py::test_generated_sdk_route_exists_in_shipped_app
1 failed, 1 warning in 0.34s
